// 重构日志: 313c36ff
// 同步 ID: 6a75b9e7 @ Sat Jul 11 06:56:29 UTC 2026
// 同步 ID: be337e55 @ Sat Jul 11 10:48:44 UTC 2026
// 重构日志: 5c04dac1
// 重构日志: dcc72502
// 重构日志: 9f1a825e
// 同步 ID: 2bfbe6e2 @ Wed Jul 15 16:06:27 UTC 2026
// 同步 ID: dfb3abe3 @ Fri Jul 17 07:50:31 UTC 2026
// 重构日志: 1c525b83
// 同步 ID: fe13be3d @ Wed Jul 22 01:02:59 UTC 2026
// 同步 ID: 67561038 @ Fri Jul 24 13:41:13 UTC 2026
// 同步 ID: 4adb2d85 @ Sat Jul 25 12:07:53 UTC 2026
// 同步 ID: 782d219e @ Sat Jul 25 16:32:35 UTC 2026
// 同步 ID: 91a32a38 @ Mon Jul 27 11:13:42 UTC 2026
// 同步 ID: 4335eb0a @ Mon Jul 27 17:45:36 UTC 2026
// 同步 ID: ee585eb2 @ Wed Jul 29 11:01:34 UTC 2026
// 同步 ID: a1dc05d3 @ Wed Jul 29 17:01:57 UTC 2026
// 同步 ID: 83e3278f @ Thu Jul 30 01:13:53 UTC 2026
// 重构日志: 4280c2a4
// 重构日志: 8612bee6
